[itindeedtheme.com/templates/cityboard/homepage1.html]
[backblue.gif]
[fade.gif]
[index.html]
[itindeedtheme.com/templates/cityboard/assets/css/bootstrap.min.css]
[itindeedtheme.com/templates/cityboard/assets/css/all.min.css]
[itindeedtheme.com/templates/cityboard/assets/css/fontawesome.min.css]
[itindeedtheme.com/templates/cityboard/assets/fonts/iconly.css]
[itindeedtheme.com/templates/cityboard/assets/css/lity.min.css]
[itindeedtheme.com/templates/cityboard/assets/css/swiper-bundle.min.css]
[itindeedtheme.com/templates/cityboard/assets/css/odometer-theme-default.css]
[itindeedtheme.com/templates/cityboard/assets/css/style.css]
[itindeedtheme.com/templates/cityboard/assets/css/responsive.css]
[unpkg.com/aos@2.3.1/dist/aos.css]
[itindeedtheme.com/templates/cityboard/assets/images/logo.png]
[itindeedtheme.com/templates/cityboard/homepage2.html]
[itindeedtheme.com/templates/cityboard/homepage3.html]
[itindeedtheme.com/templates/cityboard/project.html]
[itindeedtheme.com/templates/cityboard/project-details.html]
[itindeedtheme.com/templates/cityboard/service.html]
[itindeedtheme.com/templates/cityboard/service-details.html]
[itindeedtheme.com/templates/cityboard/contact.html]
[itindeedtheme.com/templates/cityboard/about_us.html]
[itindeedtheme.com/templates/cityboard/blog.html]
[itindeedtheme.com/templates/cityboard/pricing.html]
[itindeedtheme.com/templates/cityboard/assets/images/logo2.png]
[itindeedtheme.com/templates/cityboard/assets/images/billboard1.png]
[itindeedtheme.com/templates/cityboard/assets/images/billboard2.png]
[itindeedtheme.com/templates/cityboard/assets/images/billboard3.png]
[itindeedtheme.com/templates/cityboard/assets/images/teer.png]
[itindeedtheme.com/templates/cityboard/assets/images/star.png]
[itindeedtheme.com/templates/cityboard/assets/images/chooseImg.png]
[itindeedtheme.com/templates/cityboard/assets/images/billbord.png]
[itindeedtheme.com/templates/cityboard/assets/images/billbord2.png]
[itindeedtheme.com/templates/cityboard/assets/images/billbord3.png]
[itindeedtheme.com/templates/cityboard/assets/images/billbord4.png]
[itindeedtheme.com/templates/cityboard/assets/images/company1.png]
[itindeedtheme.com/templates/cityboard/assets/images/company2.png]
[itindeedtheme.com/templates/cityboard/assets/images/company3.png]
[itindeedtheme.com/templates/cityboard/assets/images/company4.png]
[itindeedtheme.com/templates/cityboard/assets/images/company5.png]
[itindeedtheme.com/templates/cityboard/assets/images/business-banner.png]
[itindeedtheme.com/templates/cityboard/assets/images/hm12.png]
[itindeedtheme.com/templates/cityboard/assets/images/hm13.png]
[itindeedtheme.com/templates/cityboard/assets/js/jquery.js]
[itindeedtheme.com/templates/cityboard/assets/js/bootstrap.bundle.min.js]
[itindeedtheme.com/templates/cityboard/assets/js/lity.min.js]
[itindeedtheme.com/templates/cityboard/assets/js/gsap.min.js]
[itindeedtheme.com/templates/cityboard/assets/js/locomotive-scroll.min.js]
[itindeedtheme.com/templates/cityboard/assets/js/SplitText.min.js]
[itindeedtheme.com/templates/cityboard/assets/js/marquee.min.js]
[itindeedtheme.com/templates/cityboard/assets/js/swiper-bundle.min.js]
[itindeedtheme.com/templates/cityboard/assets/js/appear.js]
[itindeedtheme.com/templates/cityboard/assets/js/odometer.min.js]
[itindeedtheme.com/templates/cityboard/assets/js/script.js]
[itindeedtheme.com/templates/cityboard/assets/js/allScript.js]
[itindeedtheme.com/templates/cityboard/homepage1.html]
[itindeedtheme.com/templates/cityboard/assets/css/bootstrap.min.css]
[unpkg.com/aos@2.3.1/dist/aos.js]
[itindeedtheme.com/templates/cityboard/assets/webfonts/fa-brands-400.woff2]
[itindeedtheme.com/templates/cityboard/assets/webfonts/fa-regular-400.woff2]
[itindeedtheme.com/templates/cityboard/assets/webfonts/fa-brands-400.ttf]
[itindeedtheme.com/templates/cityboard/assets/webfonts/fa-regular-400.ttf]
[itindeedtheme.com/templates/cityboard/assets/webfonts/fa-solid-900.woff2]
[itindeedtheme.com/templates/cityboard/assets/webfonts/fa-solid-900.ttf]
[itindeedtheme.com/templates/cityboard/assets/webfonts/fa-v4compatibility.woff2]
[itindeedtheme.com/templates/cityboard/assets/webfonts/fa-v4compatibility.ttf]
[itindeedtheme.com/templates/cityboard/assets/css/all.min.css]
[itindeedtheme.com/templates/cityboard/assets/css/fontawesome.min.css]
[itindeedtheme.com/templates/cityboard/assets/fonts/iconly5386.eot]
[itindeedtheme.com/templates/cityboard/assets/fonts/iconlyd41d.eot]
[itindeedtheme.com/templates/cityboard/assets/fonts/iconly5386.woff2]
[itindeedtheme.com/templates/cityboard/assets/fonts/iconly5386.woff]
[itindeedtheme.com/templates/cityboard/assets/fonts/iconly5386.ttf]
[itindeedtheme.com/templates/cityboard/assets/fonts/iconly.css]
[itindeedtheme.com/templates/cityboard/assets/css/lity.min.css]
[itindeedtheme.com/templates/cityboard/assets/css/swiper-bundle.min.css]
[itindeedtheme.com/templates/cityboard/assets/css/odometer-theme-default.css]
[itindeedtheme.com/templates/cityboard/assets/fonts/iconly5386.svg]
[itindeedtheme.com/templates/cityboard/assets/images/backg.png]
[itindeedtheme.com/templates/cityboard/assets/images/hm1-video-bnr.png]
[itindeedtheme.com/templates/cityboard/assets/images/bnrboard.png]
[itindeedtheme.com/templates/cityboard/assets/images/about/about-video-billboard.png]
[itindeedtheme.com/templates/cityboard/assets/images/homepage3/heder3-bg1.png]
[itindeedtheme.com/templates/cityboard/assets/placeholder/homepage3/heder3-bg1.png]
[itindeedtheme.com/templates/cityboard/assets/placeholder/homepage3/choose-bg.png]
[itindeedtheme.com/templates/cityboard/assets/placeholder/homepage3/home3-bg3.png]
[itindeedtheme.com/templates/cityboard/assets/images/homepage3/footer-img.png]
[itindeedtheme.com/templates/cityboard/assets/css/style.css]
[itindeedtheme.com/templates/cityboard/assets/css/responsive.css]
[unpkg.com/aos@2.3.1/dist/aos.css]
[itindeedtheme.com/templates/cityboard/assets/images/homepage2/homepage2.png]
[itindeedtheme.com/templates/cityboard/assets/images/service/ser-img1.png]
[itindeedtheme.com/templates/cityboard/assets/images/service/ser-img2.png]
[itindeedtheme.com/templates/cityboard/assets/images/service/ser-img3.png]
[itindeedtheme.com/templates/cityboard/assets/images/about/sun.png]
[itindeedtheme.com/templates/cityboard/assets/images/about/about.chose-img.png]
[itindeedtheme.com/templates/cityboard/assets/images/about/about-round-img.png]
[itindeedtheme.com/templates/cityboard/assets/images/about/slide1.svg]
[itindeedtheme.com/templates/cityboard/assets/images/about/slide2.svg]
[itindeedtheme.com/templates/cityboard/assets/images/about/slide3.svg]
[itindeedtheme.com/templates/cityboard/assets/images/about/slide4.svg]
[itindeedtheme.com/templates/cityboard/assets/images/about/slide5.svg]
[itindeedtheme.com/templates/cityboard/assets/images/Project/pro-img1.png]
[itindeedtheme.com/templates/cityboard/assets/images/Project/pro-img2.png]
[itindeedtheme.com/templates/cityboard/assets/images/Project/pro-img3.png]
[itindeedtheme.com/templates/cityboard/assets/images/Project/pro-img4.png]
[itindeedtheme.com/templates/cityboard/assets/images/Project/pro-img5.png]
[itindeedtheme.com/templates/cityboard/assets/images/about/testmonialImg.png]
[itindeedtheme.com/templates/cityboard/assets/images/about/get-img.png]
[itindeedtheme.com/templates/cityboard/assets/images/about/paccth1.png]
[itindeedtheme.com/templates/cityboard/assets/images/about/paccth2.png]
[itindeedtheme.com/templates/cityboard/assets/images/homepage2/blog-img1.png]
[itindeedtheme.com/templates/cityboard/assets/images/homepage2/blog-img2.png]
[itindeedtheme.com/templates/cityboard/assets/images/homepage2/blog-img3.png]
[itindeedtheme.com/templates/cityboard/homepage2.html]
[itindeedtheme.com/templates/cityboard/assets/images/homepage3/hero-img1.png]
[itindeedtheme.com/templates/cityboard/assets/images/homepage3/hero-img2.png]
[itindeedtheme.com/templates/cityboard/assets/images/homepage3/hero-img3.png]
[itindeedtheme.com/templates/cityboard/assets/images/homepage3/chooseimg.png]
[itindeedtheme.com/templates/cityboard/assets/images/homepage3/client1.png]
[itindeedtheme.com/templates/cityboard/assets/images/homepage3/client2.png]
[itindeedtheme.com/templates/cityboard/assets/images/homepage3/client3.png]
[itindeedtheme.com/templates/cityboard/assets/images/homepage3/ser-img1.png]
[itindeedtheme.com/templates/cityboard/assets/images/homepage3/ser-img2.png]
[itindeedtheme.com/templates/cityboard/assets/images/homepage3/ser-img3.png]
[itindeedtheme.com/templates/cityboard/assets/images/homepage3/gallary1.png]
[itindeedtheme.com/templates/cityboard/assets/images/homepage3/gallary2.png]
[itindeedtheme.com/templates/cityboard/assets/images/homepage3/message-img.png]
[itindeedtheme.com/templates/cityboard/assets/images/package/packimg1.png]
[itindeedtheme.com/templates/cityboard/assets/images/package/packimg2.png]
[itindeedtheme.com/templates/cityboard/assets/images/package/packimg3.png]
[itindeedtheme.com/templates/cityboard/assets/images/homepage3/bulb.png]
[itindeedtheme.com/templates/cityboard/homepage3.html]
[itindeedtheme.com/templates/cityboard/project.html]
[itindeedtheme.com/templates/cityboard/assets/images/project-details/project-details-billboard.png]
[itindeedtheme.com/templates/cityboard/project-details.html]
[itindeedtheme.com/templates/cityboard/assets/images/service/ser-img4.png]
[itindeedtheme.com/templates/cityboard/assets/images/service/ser-img5.png]
[itindeedtheme.com/templates/cityboard/assets/images/service/ser-img6.png]
[itindeedtheme.com/templates/cityboard/service.html]
[itindeedtheme.com/templates/cityboard/assets/images/Service_details/Service_Details-billboard.png]
[itindeedtheme.com/templates/cityboard/assets/images/Service_details/service-img1.png]
[itindeedtheme.com/templates/cityboard/assets/images/Service_details/service-img2.png]
[itindeedtheme.com/templates/cityboard/service-details.html]
[itindeedtheme.com/templates/cityboard/assets/images/contactbillboard.png]
[itindeedtheme.com/templates/cityboard/contact.html]
[itindeedtheme.com/templates/cityboard/assets/placeholder/about/about-round-img.png]
[itindeedtheme.com/templates/cityboard/about_us.html]
[itindeedtheme.com/templates/cityboard/assets/images/blog/blogbill-img1.png]
[itindeedtheme.com/templates/cityboard/assets/images/blog/blogbill-img2.png]
[itindeedtheme.com/templates/cityboard/assets/images/blog/blogbill-img3.png]
[itindeedtheme.com/templates/cityboard/assets/images/blog/blogbill-img4.png]
[itindeedtheme.com/templates/cityboard/blog.html]
[itindeedtheme.com/templates/cityboard/pricing.html]
[itindeedtheme.com/templates/cityboard/assets/fonts/iconly5386.svg]
[itindeedtheme.com/templates/cityboard/assets/placeholder/homepage3/heder3-bg1.html]
[itindeedtheme.com/templates/cityboard/assets/placeholder/homepage3/choose-bg.html]
[itindeedtheme.com/templates/cityboard/assets/placeholder/homepage3/home3-bg3.html]
[itindeedtheme.com/templates/cityboard/assets/images/about/slide1.svg]
[itindeedtheme.com/templates/cityboard/assets/images/about/slide2.svg]
[itindeedtheme.com/templates/cityboard/assets/images/about/slide3.svg]
[itindeedtheme.com/templates/cityboard/assets/images/about/slide4.svg]
[itindeedtheme.com/templates/cityboard/assets/images/about/slide5.svg]
[itindeedtheme.com/templates/cityboard/assets/placeholder/about/about-round-img.html]
